  6|[1mUsage:[m
 24|  app tools echo [flags]
  0|
 18|Echo the arguments
  0|
  6|[1mFlags:[m
 37|  --name TEXT       a name (required)
 27|  --n N             a count
 28|  --on              a switch
 38|  --mode fast|slow  how (default fast)
 44|  --tags VALUE      labels (repeat for more)
 32|  --state JSON      a map (JSON)
  0|
 10|Danger: ui
