  3|.nh
 30|.TH "APP" "1" "Oct 2026" "" ""
  0|
  8|.SH NAME
 24|app - Run app's commands
  0|
  0|
 12|.SH SYNOPSIS
 17|\fBapp [flags]\fP
  0|
  0|
 15|.SH DESCRIPTION
 18|Run app's commands
  0|
  0|
 11|.SH OPTIONS
 30|\fB-h\fP, \fB--help\fP[=false]
 12|	help for app
  0|
  0|
 12|.SH SEE ALSO
132|\fBapp-command(1)\fP, \fBapp-completion(1)\fP, \fBapp-describe(1)\fP, \fBapp-list(1)\fP, \fBapp-schema(1)\fP, \fBapp-workspace(1)\fP
