 82|# bash completion V2 for app                                  -*- shell-script -*-
  0|
 13|__app_debug()
  1|{
 46|    if [[ -n ${BASH_COMP_DEBUG_FILE-} ]]; then
 46|        echo "$*" >> "${BASH_COMP_DEBUG_FILE}"
  6|    fi
  1|}
  0|
 71|# Macs have bash3 for which the bash-completion package doesn't include
 63|# _init_completion. This is a minimal version of that function.
 23|__app_init_completion()
  1|{
 16|    COMPREPLY=()
 52|    _get_comp_words_by_ref "$@" cur prev words cword
  1|}
  0|
 62|# This function calls the app program to obtain the completion
 70|# results and the directive.  It fills the 'out' and 'directive' vars.
 32|__app_get_completion_results() {
 45|    local requestComp lastParam lastChar args
  0|
 65|    # Prepare the command to request completions for the program.
 73|    # Calling ${words[0]} instead of directly app allows handling aliases
 26|    args=("${words[@]:1}")
 51|    requestComp="${words[0]} __complete ${args[*]}"
  0|
 43|    lastParam=${words[$((${#words[@]}-1))]}
 48|    lastChar=${lastParam:$((${#lastParam}-1)):1}
 62|    __app_debug "lastParam ${lastParam}, lastChar ${lastChar}"
  0|
 48|    if [[ -z ${cur} && ${lastChar} != = ]]; then
 75|        # If the last parameter is complete (there is a space following it)
 83|        # We add an extra empty parameter so we can indicate this to the go method.
 50|        __app_debug "Adding extra empty parameter"
 39|        requestComp="${requestComp} ''"
  6|    fi
  0|
 59|    # When completing a flag with an = (e.g., app -n=<TAB>)
 64|    # bash focuses on the part after the =, so we need to remove
 29|    # the flag part from $cur
 33|    if [[ ${cur} == -*=* ]]; then
 23|        cur="${cur#*=}"
  6|    fi
  0|
 40|    __app_debug "Calling ${requestComp}"
 59|    # Use eval to handle any environment variables and such
 44|    out=$(eval "${requestComp}" 2>/dev/null)
  0|
 87|    # Extract the directive integer at the very end of the output following a colon (:)
 24|    directive=${out##*:}
 26|    # Remove the directive
 17|    out=${out%:*}
 43|    if [[ ${directive} == "${out}" ]]; then
 42|        # There is not directive specified
 19|        directive=0
  6|    fi
 59|    __app_debug "The completion directive is: ${directive}"
 45|    __app_debug "The completions are: ${out}"
  1|}
  0|
 36|__app_process_completion_results() {
 35|    local shellCompDirectiveError=1
 37|    local shellCompDirectiveNoSpace=2
 40|    local shellCompDirectiveNoFileComp=4
 43|    local shellCompDirectiveFilterFileExt=8
 41|    local shellCompDirectiveFilterDirs=16
 40|    local shellCompDirectiveKeepOrder=32
  0|
 59|    if (((directive & shellCompDirectiveError) != 0)); then
 37|        # Error code.  No completion.
 67|        __app_debug "Received error from custom completion go code"
 14|        return
  8|    else
 65|        if (((directive & shellCompDirectiveNoSpace) != 0)); then
 56|            if [[ $(type -t compopt) == builtin ]]; then
 49|                __app_debug "Activating no space"
 34|                compopt -o nospace
 16|            else
 86|                __app_debug "No space directive not supported in this version of bash"
 14|            fi
 10|        fi
 67|        if (((directive & shellCompDirectiveKeepOrder) != 0)); then
 56|            if [[ $(type -t compopt) == builtin ]]; then
 66|                # no sort isn't supported for bash less than < 4.4
118|                if [[ ${BASH_VERSINFO[0]} -lt 4 || ( ${BASH_VERSINFO[0]} -eq 4 && ${BASH_VERSINFO[1]} -lt 4 ) ]]; then
 89|                    __app_debug "No sort directive not supported in this version of bash"
 20|                else
 55|                    __app_debug "Activating keep order"
 37|                    compopt -o nosort
 18|                fi
 16|            else
 85|                __app_debug "No sort directive not supported in this version of bash"
 14|            fi
 10|        fi
 68|        if (((directive & shellCompDirectiveNoFileComp) != 0)); then
 56|            if [[ $(type -t compopt) == builtin ]]; then
 59|                __app_debug "Activating no file completion"
 34|                compopt +o default
 16|            else
 96|                __app_debug "No file completion directive not supported in this version of bash"
 14|            fi
 10|        fi
  6|    fi
  0|
 49|    # Separate activeHelp from normal completions
 24|    local completions=()
 23|    local activeHelp=()
 28|    __app_extract_activeHelp
  0|
 67|    if (((directive & shellCompDirectiveFilterFileExt) != 0)); then
 34|        # File extension filtering
 47|        local fullFilter="" filter filteringCmd
  0|
 76|        # Do not use quotes around the $completions variable or else newline
 34|        # characters will be kept.
 43|        for filter in ${completions[*]}; do
 34|            fullFilter+="$filter|"
 12|        done
  0|
 43|        filteringCmd="_filedir $fullFilter"
 59|        __app_debug "File filtering command: $filteringCmd"
 21|        $filteringCmd
 66|    elif (((directive & shellCompDirectiveFilterDirs) != 0)); then
 46|        # File completion for directories only
  0|
 20|        local subdir
 32|        subdir=${completions[0]}
 33|        if [[ -n $subdir ]]; then
 56|            __app_debug "Listing directories in $subdir"
 92|            pushd "$subdir" >/dev/null 2>&1 && _filedir -d && popd >/dev/null 2>&1 || return
 12|        else
 50|            __app_debug "Listing directories in ."
 23|            _filedir -d
 10|        fi
  8|    else
 37|        __app_handle_completion_types
  6|    fi
  0|
 38|    __app_handle_special_char "$cur" :
 38|    __app_handle_special_char "$cur" =
  0|
 54|    # Print the activeHelp statements before we finish
 27|    __app_handle_activeHelp
  1|}
  0|
 27|__app_handle_activeHelp() {
 37|    # Print the activeHelp statements
 39|    if ((${#activeHelp[*]} != 0)); then
 34|        if [ -z $COMP_TYPE ]; then
 58|            # Bash v3 does not set the COMP_TYPE variable.
 24|            printf "\n";
 44|            printf "%s\n" "${activeHelp[@]}"
 23|            printf "\n"
 37|            __app_reprint_commandLine
 18|            return
 10|        fi
  0|
 55|        # Only print ActiveHelp on the second TAB press
 38|        if [ $COMP_TYPE -eq 63 ]; then
 23|            printf "\n"
 44|            printf "%s\n" "${activeHelp[@]}"
  0|
 46|            if ((${#COMPREPLY[*]} == 0)); then
 88|                # When there are no completion choices from the program, file completion
 89|                # may kick in if the program has not disabled it; in such a case, we want
 89|                # to know if any files will match what the user typed, so that we know if
 96|                # there will be completions presented, so that we know how to handle ActiveHelp.
 81|                # To find out, we actually trigger the file completion ourselves;
 74|                # the call to _filedir will fill COMPREPLY if files match.
 76|                if (((directive & shellCompDirectiveNoFileComp) == 0)); then
 47|                    __app_debug "Listing files"
 28|                    _filedir
 18|                fi
 14|            fi
  0|
 46|            if ((${#COMPREPLY[*]} != 0)); then
 81|                # If there are completion choices to be shown, print a delimiter.
 73|                # Re-printing the command-line will automatically be done
 69|                # by the shell when it prints the completion choices.
 30|                printf -- "--"
 16|            else
 70|                # When there are no completion choices at all, we need
 67|                # to re-print the command-line since the shell will
 41|                # not be doing it itself.
 41|                __app_reprint_commandLine
 14|            fi
 65|        elif [ $COMP_TYPE -eq 37 ] || [ $COMP_TYPE -eq 42 ]; then
 94|            # For completion type: menu-complete/menu-complete-backward and insert-completions
 89|            # the completions are immediately inserted into the command-line, so we first
 94|            # print the activeHelp message and reprint the command-line since the shell won't.
 23|            printf "\n"
 44|            printf "%s\n" "${activeHelp[@]}"
  0|
 37|            __app_reprint_commandLine
 10|        fi
  6|    fi
  1|}
  0|
 29|__app_reprint_commandLine() {
 56|    # The prompt format is only available from bash 4.4.
 49|    # We test if it is available before using it.
 38|    if (x=${PS1@P}) 2> /dev/null; then
 45|        printf "%s" "${PS1@P}${COMP_LINE[@]}"
  8|    else
 49|        # Can't print the prompt.  Just print the
 57|        # text the user had typed, it is workable enough.
 37|        printf "%s" "${COMP_LINE[@]}"
  6|    fi
  1|}
  0|
 50|# Separate activeHelp lines from real completions.
 48|# Fills the $activeHelp and $completions arrays.
 28|__app_extract_activeHelp() {
 42|    local activeHelpMarker="_activeHelp_ "
 39|    local endIndex=${#activeHelpMarker}
  0|
 33|    while IFS='' read -r comp; do
 34|        [[ -z $comp ]] && continue
  0|
 62|        if [[ ${comp:0:endIndex} == $activeHelpMarker ]]; then
 33|            comp=${comp:endIndex}
 49|            __app_debug "ActiveHelp found: $comp"
 35|            if [[ -n $comp ]]; then
 37|                activeHelp+=("$comp")
 14|            fi
 12|        else
 60|            # Not an activeHelp line but a normal completion
 34|            completions+=("$comp")
 10|        fi
 20|    done <<<"${out}"
  1|}
  0|
 33|__app_handle_completion_types() {
 72|    __app_debug "__app_handle_completion_types: COMP_TYPE is $COMP_TYPE"
  0|
 22|    case $COMP_TYPE in
 10|    37|42)
 75|        # Type: menu-complete/menu-complete-backward and insert-completions
 74|        # If the user requested inserting one completion at a time, or all
 82|        # completions at once on the command-line we must remove the descriptions.
 52|        # https://github.com/spf13/cobra/issues/1508
  0|
 67|        # If there are no completions, we don't need to do anything
 49|        (( ${#completions[@]} == 0 )) && return 0
  0|
 23|        local tab=$'\t'
  0|
 87|        # Strip any description and escape the completion to handled special characters
 90|        IFS=$'\n' read -ra completions -d '' < <(printf "%q\n" "${completions[@]%%$tab*}")
  0|
 50|        # Only consider the completions that match
101|        IFS=$'\n' read -ra COMPREPLY -d '' < <(IFS=$'\n'; compgen -W "${completions[*]}" -- "${cur}")
  0|
 96|        # compgen looses the escaping so we need to escape all completions again since they will
 46|        # all be inserted on the command-line.
 79|        IFS=$'\n' read -ra COMPREPLY -d '' < <(printf "%q\n" "${COMPREPLY[@]}")
 10|        ;;
  0|
  6|    *)
 44|        # Type: complete (normal completion)
 45|        __app_handle_standard_completion_case
 10|        ;;
  8|    esac
  1|}
  0|
 41|__app_handle_standard_completion_case() {
 19|    local tab=$'\t'
  0|
 63|    # If there are no completions, we don't need to do anything
 45|    (( ${#completions[@]} == 0 )) && return 0
  0|
 61|    # Short circuit to optimize if we don't have descriptions
 48|    if [[ "${completions[*]}" != *$tab* ]]; then
 68|        # First, escape the completions to handle special characters
 83|        IFS=$'\n' read -ra completions -d '' < <(printf "%q\n" "${completions[@]}")
 70|        # Only consider the completions that match what the user typed
101|        IFS=$'\n' read -ra COMPREPLY -d '' < <(IFS=$'\n'; compgen -W "${completions[*]}" -- "${cur}")
  0|
 90|        # compgen looses the escaping so, if there is only a single completion, we need to
 97|        # escape it again because it will be inserted on the command-line.  If there are multiple
 90|        # completions, we don't want to escape them because they will be printed in a list
 67|        # and we don't want to show escape characters in that list.
 44|        if (( ${#COMPREPLY[@]} == 1 )); then
 57|            COMPREPLY[0]=$(printf "%q" "${COMPREPLY[0]}")
 10|        fi
 16|        return 0
  6|    fi
  0|
 19|    local longest=0
 18|    local compline
 73|    # Look for the longest completion so that we can format things nicely
 37|    while IFS='' read -r compline; do
 38|        [[ -z $compline ]] && continue
  0|
 72|        # Before checking if the completion matches what the user typed,
 86|        # we need to strip any description and escape the completion to handle special
 85|        # characters because those escape characters are part of what the user typed.
 75|        # Don't call "printf" in a sub-shell because it will be much slower
 33|        # since we are in a loop.
104|        printf -v comp "%q" "${compline%%$tab*}" &>/dev/null || comp=$(printf "%q" "${compline%%$tab*}")
  0|
 50|        # Only consider the completions that match
 42|        [[ $comp == "$cur"* ]] || continue
  0|
 84|        # The completions matches.  Add it to the list of full completions including
 85|        # its description.  We don't escape the completion because it may get printed
 87|        # in a list if there are more than one and we don't want show escape characters
 23|        # in that list.
 32|        COMPREPLY+=("$compline")
  0|
 83|        # Strip any description before checking the length, and again, don't escape
 87|        # the completion because this length is only used when printing the completions
 74|        # in a list and we don't want show escape characters in that list.
 31|        comp=${compline%%$tab*}
 37|        if ((${#comp}>longest)); then
 28|            longest=${#comp}
 10|        fi
 47|    done < <(printf "%s\n" "${completions[@]}")
  0|
105|    # If there is a single completion left, remove the description text and escape any special characters
 38|    if ((${#COMPREPLY[*]} == 1)); then
 51|        __app_debug "COMPREPLY[0]: ${COMPREPLY[0]}"
 60|        COMPREPLY[0]=$(printf "%q" "${COMPREPLY[0]%%$tab*}")
 95|        __app_debug "Removed description from single completion, which is now: ${COMPREPLY[0]}"
  8|    else
 33|        # Format the descriptions
 47|        __app_format_comp_descriptions $longest
  6|    fi
  1|}
  0|
 27|__app_handle_special_char()
  1|{
 19|    local comp="$1"
 17|    local char=$2
 74|    if [[ "$comp" == *${char}* && "$COMP_WORDBREAKS" == *${char}* ]]; then
 46|        local word=${comp%"${comp##*${char}}"}
 34|        local idx=${#COMPREPLY[*]}
 32|        while ((--idx >= 0)); do
 52|            COMPREPLY[idx]=${COMPREPLY[idx]#"$word"}
 12|        done
  6|    fi
  1|}
  0|
 32|__app_format_comp_descriptions()
  1|{
 19|    local tab=$'\t'
 33|    local comp desc maxdesclength
 20|    local longest=$1
  0|
 14|    local i ci
 34|    for ci in ${!COMPREPLY[*]}; do
 29|        comp=${COMPREPLY[ci]}
 94|        # Properly format the description string which follows a tab character if there is one
 40|        if [[ "$comp" == *$tab* ]]; then
 46|            __app_debug "Original comp: $comp"
 30|            desc=${comp#*$tab}
 31|            comp=${comp%%$tab*}
  0|
 54|            # $COLUMNS stores the current shell width.
 74|            # Remove an extra 4 because we add 2 spaces and 2 parentheses.
 54|            maxdesclength=$(( COLUMNS - longest - 4 ))
  0|
 73|            # Make sure we can fit a description of at least 8 characters
 50|            # if we are to align the descriptions.
 42|            if ((maxdesclength > 8)); then
 75|                # Add the proper number of spaces to align the descriptions
 60|                for ((i = ${#comp} ; i < longest ; i++)); do
 29|                    comp+=" "
 20|                done
 16|            else
 89|                # Don't pad the descriptions so we can fit more text after the completion
 59|                maxdesclength=$(( COLUMNS - ${#comp} - 4 ))
 14|            fi
  0|
 64|            # If there is enough space for any description text,
 77|            # truncate the descriptions that are too long for the shell width
 42|            if ((maxdesclength > 0)); then
 53|                if ((${#desc} > maxdesclength)); then
 59|                    desc=${desc:0:$(( maxdesclength - 1 ))}
 29|                    desc+="…"
 18|                fi
 33|                comp+="  ($desc)"
 14|            fi
 31|            COMPREPLY[ci]=$comp
 43|            __app_debug "Final comp: $comp"
 10|        fi
  8|    done
  1|}
  0|
 13|__start_app()
  1|{
 36|    local cur prev words cword split
  0|
 16|    COMPREPLY=()
  0|
 60|    # Call _init_completion from the bash-completion package
 39|    # to prepare the arguments properly
 56|    if declare -F _init_completion >/dev/null 2>&1; then
 40|        _init_completion -n =: || return
  8|    else
 45|        __app_init_completion -n =: || return
  6|    fi
  0|
 15|    __app_debug
 64|    __app_debug "========= starting completion logic =========="
100|    __app_debug "cur is ${cur}, words[*] is ${words[*]}, #words[@] is ${#words[@]}, cword is $cword"
  0|
 73|    # The user could have moved the cursor backwards on the command-line.
 72|    # We need to trigger completion from the $cword location, so we need
 70|    # to truncate the command-line ($words) up to the $cword location.
 36|    words=("${words[@]:0:$cword+1}")
 50|    __app_debug "Truncated words[*]: ${words[*]},"
  0|
 23|    local out directive
 32|    __app_get_completion_results
 36|    __app_process_completion_results
  1|}
  0|
 45|if [[ $(type -t compopt) = "builtin" ]]; then
 42|    complete -o default -F __start_app app
  4|else
 53|    complete -o default -o nospace -F __start_app app
  2|fi
  0|
 30|# ex: ts=4 sw=4 et filetype=sh
