  6|[1mUsage:[m
 38|  app workspace resize SPLIT N [flags]
  0|
 12|Move a split
 81|Moves a named split's separator by delta cells, as far as the panes' sizes allow.
  0|
 11|Aliases: rs
  0|
 10|[1mArguments:[m
 40|  [38;2;135;175;255mSPLIT[m  the split whose separator moves
 57|  [38;2;135;175;255mN[m      cells to give the pane before it; negative takes
  0|
  6|[1mFlags:[m
 59|  [38;2;135;175;255m--split SPLIT[m  the split whose separator moves (required)
 89|  [38;2;135;175;255m--delta N[m      cells to give the pane before it; negative takes (required; -200 to 200)
  0|
 13|[1mOutput flags:[m
 23|  [38;2;135;175;255m-q, --quiet[m  say less
  0|
 10|Danger: ui
