  6|[1mUsage:[m
 43|  app tools level low|high [VALUE~] [flags]
  0|
 24|Say something at a level
  0|
 10|[1mArguments:[m
 20|  low|high  how loud
 23|  VALUE     what to say
  0|
  6|[1mFlags:[m
 39|  --level low|high  how loud (required)
 49|  --words VALUE     what to say (repeat for more)
  0|
 10|Danger: ui
