  6|[1mUsage:[m
 35|  app <command> [arguments] [flags]
 19|  app list [--json]
 24|  app describe <command>
 22|  app schema <command>
 22|  app help [<command>]
 41|  app completion bash|zsh|fish|powershell
  0|
 15|[1mFiles commands:[m
 33|  [38;2;135;175;255mfiles delete[m      Delete a file
  0|
 19|[1mWorkspace commands:[m
 60|  [38;2;135;175;255mworkspace resize[m  Moves a named split's separator by delta
 60|                    cells, as far as the panes' sizes allow.
  0|
 15|[1mOther commands:[m
 60|  [38;2;135;175;255mcommand describe[m  Describes one command: its ID, arguments
 38|                    schema and danger.
 57|  [38;2;135;175;255mcommand list[m      Lists the commands the caller can run
 58|                    now: not hidden, offered where it asks
 55|                    from, and available in its context.
 38|  [38;2;135;175;255mtools echo[m        Echo the arguments
 24|  [38;2;135;175;255mtools fail[m        Fail
 27|  [38;2;135;175;255mtools later[m       Not yet
 44|  [38;2;135;175;255mtools level[m       Say something at a level
 29|  [38;2;135;175;255mtools text[m        Say hello
  0|
 24|[1mFlags for every command:[m
 47|  [38;2;135;175;255m--args JSON[m  the arguments as one JSON object
 47|  [38;2;135;175;255m--json[m       print the result's value as JSON
 55|  [38;2;135;175;255m--yes[m        run a destructive command without asking
 38|  [38;2;135;175;255m-h, --help[m   show the command's help
