 60|[1m+- > main -------------------------------+[m+-[1m side [m---------+
 60|[1m|[mbuild 1832 passed                       [1m|[m|3 agents        |
 60|[1m|[mdeploy to staging: done                 [1m|[m|0 failing       |
 60|[1m|[m                                        [1m|[m|                |
 60|[1m|[m                                        [1m|[m|                |
 60|[1m|[m                                        [1m|[m|                |
 60|[1m|[m                                        [1m|[m|                |
 60|[1m|[m                                        [1m|[m|                |
 60|[1m+----------------------------------------+[m+----------------+
 60|+-[1m bottom [m-------------------------------------------------+
 60||last run 12:04                                            |
 60|+----------------------------------------------------------+
