100|[1m+- > main -----------------------------------------------------------------------+[m+-[1m side [m---------+
100|[1m|[mbuild 1832 passed                                                               [1m|[m|3 agents        |
100|[1m|[mdeploy to staging: done                                                         [1m|[m|0 failing       |
100|[1m|[m                                                                                [1m|[m|                |
100|[1m|[m                                                                                [1m|[m|                |
100|[1m|[m                                                                                [1m|[m|                |
100|[1m|[m                                                                                [1m|[m|                |
100|[1m|[m                                                                                [1m|[m|                |
100|[1m+--------------------------------------------------------------------------------+[m+----------------+
100|+-[1m bottom [m-----------------------------------------------------------------------------------------+
100||last run 12:04                                                                                    |
100|+--------------------------------------------------------------------------------------------------+
