 80|[1m+- > Session ------------------------------------------------------------------+[m
 80|[1m|[m                                                                              [1m|[m
 80|[1m|[m                                                                              [1m|[m
 80|[1m|[m                                                                              [1m|[m
 80|[1m|[m                                                                              [1m|[m
 80|[1m|[m                                                                              [1m|[m
 80|[1m|[m                                                                              [1m|[m
 80|[1m|[m                                                                              [1m|[m
 80|[1m|[m                                                                              [1m|[m
 80|[1m|[myou: list the open files                                                      [1m|[m
 80|[1m|[magent: reading the workspace                                                  [1m|[m
 80|[1m|[magent: 3 files are open                                                       [1m|[m
 80|[1m|[m> why?                                                                        [1m|[m
 80|[1m+------------------------------------------------------------------------------+[m
 80|+-[1m Metrics [m--------------------------------------------------------------------+
 80||model     claude                                                              |
 80||tokens    12,480                                                              |
 80||context   18%                                                                 |
 80||cost      $0.042                                                              |
 80||latency   1.2s                                                                |
 80|+------------------------------------------------------------------------------+
 80|+-[1m Logs [3] [m-------------------------------------------------------------------+
 80||INFO session started                                                          |
 80||INFO tool read_file                                                           |
 80||WARN slow response 1.2s                                                       |
 80||                                                                              |
 80||                                                                              |
 80||                                                                              |
 80|+------------------------------------------------------------------------------+
 36|claude | mode ask | ctx 18% | $0.042
