120|+-[1m Metrics [m------------------------+[1m+- > Session ----------------------------------------------------------------------+[m
120||model     claude                  |[1m|[m                                                                                  [1m|[m
120||tokens    12,480                  |[1m|[m                                                                                  [1m|[m
120||context   18%                     |[1m|[m                                                                                  [1m|[m
120||cost      $0.042                  |[1m|[m                                                                                  [1m|[m
120||latency   1.2s                    |[1m|[m                                                                                  [1m|[m
120||                                  |[1m|[m                                                                                  [1m|[m
120||                                  |[1m|[m                                                                                  [1m|[m
120||                                  |[1m|[m                                                                                  [1m|[m
120||                                  |[1m|[m                                                                                  [1m|[m
120||                                  |[1m|[m                                                                                  [1m|[m
120||                                  |[1m|[m                                                                                  [1m|[m
120||                                  |[1m|[m                                                                                  [1m|[m
120||                                  |[1m|[m                                                                                  [1m|[m
120||                                  |[1m|[m                                                                                  [1m|[m
120||                                  |[1m|[m                                                                                  [1m|[m
120||                                  |[1m|[myou: list the open files                                                          [1m|[m
120||                                  |[1m|[magent: reading the workspace                                                      [1m|[m
120||                                  |[1m|[magent: 3 files are open                                                           [1m|[m
120||                                  |[1m|[m> why?                                                                            [1m|[m
120||                                  |[1m+----------------------------------------------------------------------------------+[m
120||                                  |+-[1m Logs [3] [m-----------------------------------------------------------------------+
120||                                  ||INFO session started                                                              |
120||                                  ||INFO tool read_file                                                               |
120||                                  ||WARN slow response 1.2s                                                           |
120||                                  ||                                                                                  |
120||                                  ||                                                                                  |
120||                                  ||                                                                                  |
120|+----------------------------------++----------------------------------------------------------------------------------+
 36|claude | mode ask | ctx 18% | $0.042
