120|[1m+- > Session ----------------------------------------------------------------------+[m+-[1m Metrics [m------------------------+
120|[1m|[m                                                                                  [1m|[m|model     claude                  |
120|[1m|[m                                                                                  [1m|[m|tokens    12,480                  |
120|[1m|[m                                                                                  [1m|[m|context   18%                     |
120|[1m|[m                                                                                  [1m|[m|cost      $0.042                  |
120|[1m|[m                                                                                  [1m|[m|latency   1.2s                    |
120|[1m|[m                                                                                  [1m|[m|                                  |
120|[1m|[m                                                                                  [1m|[m|                                  |
120|[1m|[m                                                                                  [1m|[m|                                  |
120|[1m|[m                                                                                  [1m|[m|                                  |
120|[1m|[m                                                                                  [1m|[m|                                  |
120|[1m|[m                                                                                  [1m|[m|                                  |
120|[1m|[m                                                                                  [1m|[m|                                  |
120|[1m|[m                                                                                  [1m|[m|                                  |
120|[1m|[m                                                                                  [1m|[m|                                  |
120|[1m|[m                                                                                  [1m|[m|                                  |
120|[1m|[myou: list the open files                                                          [1m|[m|                                  |
120|[1m|[magent: reading the workspace                                                      [1m|[m|                                  |
120|[1m|[magent: 3 files are open                                                           [1m|[m|                                  |
120|[1m|[m> why?                                                                            [1m|[m|                                  |
120|[1m+----------------------------------------------------------------------------------+[m+----------------------------------+
120|+-[1m Logs [3] [m-----------------------------------------------------------------------------------------------------------+
120||INFO session started                                                                                                  |
120||INFO tool read_file                                                                                                   |
120||WARN slow response 1.2s                                                                                               |
120||                                                                                                                      |
120||                                                                                                                      |
120||                                                                                                                      |
120|+----------------------------------------------------------------------------------------------------------------------+
 36|claude | mode ask | ctx 18% | $0.042
