 96|[38;2;95;95;255;1m> Session                                                                           [38;2;118;118;118;22m|[mtokens 1200
 95|user: hello                                                                         [38;2;118;118;118m|[mcost $0.01
 85|agent: hi there                                                                     [38;2;118;118;118m|[m
 85|                                                                                    [38;2;118;118;118m|[m
 85|                                                                                    [38;2;118;118;118m|[m
 85|                                                                                    [38;2;118;118;118m|[m
 85|                                                                                    [38;2;118;118;118m|[m
 85|                                                                                    [38;2;118;118;118m|[m
 85|                                                                                    [38;2;118;118;118m|[m
 85|                                                                                    [38;2;118;118;118m|[m
 85|                                                                                    [38;2;118;118;118m|[m
 17|model x | ctx 12%
