120|[1m> a                           [m|[1m  b1                                                                                     [m
 33|a                             |b1
120|                              +-----------------------------------------------------------------------------------------
120|                              |[1m  b2                                                                                     [m
 33|                              |b2
120|------------------------------+-----------------------------------------------------------------------------------------
120|[1m  c1                          [m|[1m  d                                                                                      [m
 32|c1                            |d
 31|------------------------------+
 31|[1m  c2                          [m|
 31|c2                            |
120|------------------------------+-----------------------------------------------------------------------------------------
120|[1m  e                                                                                                                     [m
  1|e
120|---------------------------------------------+--------------------------------------------------------------------------
120|[1m  f                                          [m|[1m  g                                                                       [m
 47|f                                            |g
 46|                                             |
