 80|[1m+- > Logs ---------------------------------------------------------------------+[m
 80|[1m|[mINFO session started                                                          [1m|[m
 80|[1m|[mINFO tool read_file                                                           [1m|[m
 80|[1m|[mWARN slow response 1.2s                                                       [1m|[m
 80|[1m|[m                                                                              [1m|[m
 80|[1m|[m                                                                              [1m|[m
 80|[1m|[m                                                                              [1m|[m
 80|[1m|[m                                                                              [1m|[m
 80|[1m|[m                                                                              [1m|[m
 80|[1m|[m                                                                              [1m|[m
 80|[1m|[m                                                                              [1m|[m
 80|[1m|[m                                                                              [1m|[m
 80|[1m|[m                                                                              [1m|[m
 80|[1m|[m                                                                              [1m|[m
 80|[1m|[m                                                                              [1m|[m
 80|[1m|[m                                                                              [1m|[m
 80|[1m|[m                                                                              [1m|[m
 80|[1m|[m                                                                              [1m|[m
 80|[1m|[m                                                                              [1m|[m
 80|[1m|[m                                                                              [1m|[m
 80|[1m|[m                                                                              [1m|[m
 80|[1m|[m                                                                              [1m|[m
 80|[1m|[m                                                                              [1m|[m
 80|[1m|[m                                                                              [1m|[m
 80|[1m|[m                                                                              [1m|[m
 80|[1m|[m                                                                              [1m|[m
 80|[1m|[m                                                                              [1m|[m
 80|[1m|[m                                                                              [1m|[m
 80|[1m|[m                                                                              [1m|[m
 80|[1m+------------------------------------------------------------------------------+[m
