160|[38;2;98;98;98m+-[39;1m Session [38;2;98;98;98;22m----------------------------------------------------------------------------------------------------++-[39;1m Metrics [38;2;98;98;98;22m------------------------------------+[m
160|[38;2;98;98;98m|[m                                                                                                              [38;2;98;98;98m||[mmodel     claude                              [38;2;98;98;98m|[m
160|[38;2;98;98;98m|[m                                                                                                              [38;2;98;98;98m||[mtokens    12,480                              [38;2;98;98;98m|[m
160|[38;2;98;98;98m|[m                                                                                                              [38;2;98;98;98m||[mcontext   18%                                 [38;2;98;98;98m|[m
160|[38;2;98;98;98m|[m                                                                                                              [38;2;98;98;98m||[mcost      $0.042                              [38;2;98;98;98m|[m
160|[38;2;98;98;98m|[m                                                                                                              [38;2;98;98;98m||[mlatency   1.2s                                [38;2;98;98;98m|[m
160|[38;2;98;98;98m|[m                                                                                                              [38;2;98;98;98m||[m                                              [38;2;98;98;98m|[m
160|[38;2;98;98;98m|[m                                                                                                              [38;2;98;98;98m||[m                                              [38;2;98;98;98m|[m
160|[38;2;98;98;98m|[m                                                                                                              [38;2;98;98;98m||[m                                              [38;2;98;98;98m|[m
160|[38;2;98;98;98m|[m                                                                                                              [38;2;98;98;98m||[m                                              [38;2;98;98;98m|[m
160|[38;2;98;98;98m|[m                                                                                                              [38;2;98;98;98m||[m                                              [38;2;98;98;98m|[m
160|[38;2;98;98;98m|[m                                                                                                              [38;2;98;98;98m||[m                                              [38;2;98;98;98m|[m
160|[38;2;98;98;98m|[m                                                                                                              [38;2;98;98;98m||[m                                              [38;2;98;98;98m|[m
160|[38;2;98;98;98m|[m                                                                                                              [38;2;98;98;98m||[m                                              [38;2;98;98;98m|[m
160|[38;2;98;98;98m|[m                                                                                                              [38;2;98;98;98m||[m                                              [38;2;98;98;98m|[m
160|[38;2;98;98;98m|[m                                                                                                              [38;2;98;98;98m||[m                                              [38;2;98;98;98m|[m
160|[38;2;98;98;98m|[myou: list the open files                                                                                      [38;2;98;98;98m||[m                                              [38;2;98;98;98m|[m
160|[38;2;98;98;98m|[magent: reading the workspace                                                                                  [38;2;98;98;98m||[m                                              [38;2;98;98;98m|[m
160|[38;2;98;98;98m|[magent: 3 files are open                                                                                       [38;2;98;98;98m||[m                                              [38;2;98;98;98m|[m
160|[38;2;98;98;98m|[m> why?                                                                                                        [38;2;98;98;98m||[m                                              [38;2;98;98;98m|[m
160|[38;2;98;98;98m+--------------------------------------------------------------------------------------------------------------++----------------------------------------------+[m
160|[38;2;135;175;255;1m+- > Logs -----------------------------------------------------------------------------------------------------------------------------------------------------+[m
160|[38;2;135;175;255;1m|[mINFO session started                                                                                                                                          [38;2;135;175;255;1m|[m
160|[38;2;135;175;255;1m|[mINFO tool read_file                                                                                                                                           [38;2;135;175;255;1m|[m
160|[38;2;135;175;255;1m|[mWARN slow response 1.2s                                                                                                                                       [38;2;135;175;255;1m|[m
160|[38;2;135;175;255;1m|[m                                                                                                                                                              [38;2;135;175;255;1m|[m
160|[38;2;135;175;255;1m|[m                                                                                                                                                              [38;2;135;175;255;1m|[m
160|[38;2;135;175;255;1m|[m                                                                                                                                                              [38;2;135;175;255;1m|[m
160|[38;2;135;175;255;1m+--------------------------------------------------------------------------------------------------------------------------------------------------------------+[m
 36|claude | mode ask | ctx 18% | $0.042
