160|╭─[1m Session [m────────────────────────────────────────────────────────────────────────────────────────────────────╮╭─[1m Metrics [m────────────────────────────────────╮
160|│                                                                                                              ││model     claude                              │
160|│                                                                                                              ││tokens    12,480                              │
160|│                                                                                                              ││context   18%                                 │
160|│                                                                                                              ││cost      $0.042                              │
160|│                                                                                                              ││latency   1.2s                                │
160|│                                                                                                              ││                                              │
160|│                                                                                                              ││                                              │
160|│                                                                                                              ││                                              │
160|│                                                                                                              ││                                              │
160|│                                                                                                              ││                                              │
160|│                                                                                                              ││                                              │
160|│                                                                                                              ││                                              │
160|│                                                                                                              ││                                              │
160|│                                                                                                              ││                                              │
160|│                                                                                                              ││                                              │
160|│you: list the open files                                                                                      ││                                              │
160|│agent: reading the workspace                                                                                  ││                                              │
160|│agent: 3 files are open                                                                                       ││                                              │
160|│> why?                                                                                                        ││                                              │
160|╰──────────────────────────────────────────────────────────────────────────────────────────────────────────────╯╰──────────────────────────────────────────────╯
160|[1m╭─ ▸ Logs ─────────────────────────────────────────────────────────────────────────────────────────────────────────────────────────────────────────────────────╮[m
160|[1m│[mINFO session started                                                                                                                                          [1m│[m
160|[1m│[mINFO tool read_file                                                                                                                                           [1m│[m
160|[1m│[mWARN slow response 1.2s                                                                                                                                       [1m│[m
160|[1m│[m                                                                                                                                                              [1m│[m
160|[1m│[m                                                                                                                                                              [1m│[m
160|[1m│[m                                                                                                                                                              [1m│[m
160|[1m╰──────────────────────────────────────────────────────────────────────────────────────────────────────────────────────────────────────────────────────────────╯[m
 36|claude | mode ask | ctx 18% | $0.042
