160|[38;2;135;175;255;1m+- > Logs -----------------------------------------------------------------------------------------------------------------------------------------------------+[m
160|[38;2;135;175;255;1m|[mINFO session started                                                                                                                                          [38;2;135;175;255;1m|[m
160|[38;2;135;175;255;1m|[mINFO tool read_file                                                                                                                                           [38;2;135;175;255;1m|[m
160|[38;2;135;175;255;1m|[mWARN slow response 1.2s                                                                                                                                       [38;2;135;175;255;1m|[m
160|[38;2;135;175;255;1m|[m                                                                                                                                                              [38;2;135;175;255;1m|[m
160|[38;2;135;175;255;1m|[m                                                                                                                                                              [38;2;135;175;255;1m|[m
160|[38;2;135;175;255;1m|[m                                                                                                                                                              [38;2;135;175;255;1m|[m
160|[38;2;135;175;255;1m|[m                                                                                                                                                              [38;2;135;175;255;1m|[m
160|[38;2;135;175;255;1m|[m                                                                                                                                                              [38;2;135;175;255;1m|[m
160|[38;2;135;175;255;1m|[m                                                                                                                                                              [38;2;135;175;255;1m|[m
160|[38;2;135;175;255;1m|[m                                                                                                                                                              [38;2;135;175;255;1m|[m
160|[38;2;135;175;255;1m|[m                                                                                                                                                              [38;2;135;175;255;1m|[m
160|[38;2;135;175;255;1m|[m                                                                                                                                                              [38;2;135;175;255;1m|[m
160|[38;2;135;175;255;1m|[m                                                                                                                                                              [38;2;135;175;255;1m|[m
160|[38;2;135;175;255;1m|[m                                                                                                                                                              [38;2;135;175;255;1m|[m
160|[38;2;135;175;255;1m|[m                                                                                                                                                              [38;2;135;175;255;1m|[m
160|[38;2;135;175;255;1m|[m                                                                                                                                                              [38;2;135;175;255;1m|[m
160|[38;2;135;175;255;1m|[m                                                                                                                                                              [38;2;135;175;255;1m|[m
160|[38;2;135;175;255;1m|[m                                                                                                                                                              [38;2;135;175;255;1m|[m
160|[38;2;135;175;255;1m|[m                                                                                                                                                              [38;2;135;175;255;1m|[m
160|[38;2;135;175;255;1m|[m                                                                                                                                                              [38;2;135;175;255;1m|[m
160|[38;2;135;175;255;1m|[m                                                                                                                                                              [38;2;135;175;255;1m|[m
160|[38;2;135;175;255;1m|[m                                                                                                                                                              [38;2;135;175;255;1m|[m
160|[38;2;135;175;255;1m|[m                                                                                                                                                              [38;2;135;175;255;1m|[m
160|[38;2;135;175;255;1m|[m                                                                                                                                                              [38;2;135;175;255;1m|[m
160|[38;2;135;175;255;1m|[m                                                                                                                                                              [38;2;135;175;255;1m|[m
160|[38;2;135;175;255;1m|[m                                                                                                                                                              [38;2;135;175;255;1m|[m
160|[38;2;135;175;255;1m|[m                                                                                                                                                              [38;2;135;175;255;1m|[m
160|[38;2;135;175;255;1m|[m                                                                                                                                                              [38;2;135;175;255;1m|[m
160|[38;2;135;175;255;1m+--------------------------------------------------------------------------------------------------------------------------------------------------------------+[m
