 80|[38;2;138;138;138m+-[39;1m Session [38;2;138;138;138;22m--------------------------------------------------------------------+[m
 80|[38;2;138;138;138m|[m                                                                              [38;2;138;138;138m|[m
 80|[38;2;138;138;138m|[m                                                                              [38;2;138;138;138m|[m
 80|[38;2;138;138;138m|[m                                                                              [38;2;138;138;138m|[m
 80|[38;2;138;138;138m|[m                                                                              [38;2;138;138;138m|[m
 80|[38;2;138;138;138m|[m                                                                              [38;2;138;138;138m|[m
 80|[38;2;138;138;138m|[m                                                                              [38;2;138;138;138m|[m
 80|[38;2;138;138;138m|[m                                                                              [38;2;138;138;138m|[m
 80|[38;2;138;138;138m|[m                                                                              [38;2;138;138;138m|[m
 80|[38;2;138;138;138m|[myou: list the open files                                                      [38;2;138;138;138m|[m
 80|[38;2;138;138;138m|[magent: reading the workspace                                                  [38;2;138;138;138m|[m
 80|[38;2;138;138;138m|[magent: 3 files are open                                                       [38;2;138;138;138m|[m
 80|[38;2;138;138;138m|[m> why?                                                                        [38;2;138;138;138m|[m
 80|[38;2;138;138;138m+------------------------------------------------------------------------------+[m
 80|[38;2;138;138;138m+-[39;1m Metrics [38;2;138;138;138;22m--------------------------------------------------------------------+[m
 80|[38;2;138;138;138m|[mmodel     claude                                                              [38;2;138;138;138m|[m
 80|[38;2;138;138;138m|[mtokens    12,480                                                              [38;2;138;138;138m|[m
 80|[38;2;138;138;138m|[mcontext   18%                                                                 [38;2;138;138;138m|[m
 80|[38;2;138;138;138m|[mcost      $0.042                                                              [38;2;138;138;138m|[m
 80|[38;2;138;138;138m|[mlatency   1.2s                                                                [38;2;138;138;138m|[m
 80|[38;2;138;138;138m+------------------------------------------------------------------------------+[m
 80|[38;2;0;95;215;1m+- > Logs ---------------------------------------------------------------------+[m
 80|[38;2;0;95;215;1m|[mINFO session started                                                          [38;2;0;95;215;1m|[m
 80|[38;2;0;95;215;1m|[mINFO tool read_file                                                           [38;2;0;95;215;1m|[m
 80|[38;2;0;95;215;1m|[mWARN slow response 1.2s                                                       [38;2;0;95;215;1m|[m
 80|[38;2;0;95;215;1m|[m                                                                              [38;2;0;95;215;1m|[m
 80|[38;2;0;95;215;1m|[m                                                                              [38;2;0;95;215;1m|[m
 80|[38;2;0;95;215;1m|[m                                                                              [38;2;0;95;215;1m|[m
 80|[38;2;0;95;215;1m+------------------------------------------------------------------------------+[m
 36|claude | mode ask | ctx 18% | $0.042
