 80|+-[1m Session [m--------------------------------------------------------------------+
 80||                                                                              |
 80||                                                                              |
 80||                                                                              |
 80||                                                                              |
 80||                                                                              |
 80||                                                                              |
 80||                                                                              |
 80||                                                                              |
 80||you: list the open files                                                      |
 80||agent: reading the workspace                                                  |
 80||agent: 3 files are open                                                       |
 80||> why?                                                                        |
 80|+------------------------------------------------------------------------------+
 80|+-[1m Metrics [m--------------------------------------------------------------------+
 80||model     claude                                                              |
 80||tokens    12,480                                                              |
 80||context   18%                                                                 |
 80||cost      $0.042                                                              |
 80||latency   1.2s                                                                |
 80|+------------------------------------------------------------------------------+
 80|[1m+- > Logs ---------------------------------------------------------------------+[m
 80|[1m|[mINFO session started                                                          [1m|[m
 80|[1m|[mINFO tool read_file                                                           [1m|[m
 80|[1m|[mWARN slow response 1.2s                                                       [1m|[m
 80|[1m|[m                                                                              [1m|[m
 80|[1m|[m                                                                              [1m|[m
 80|[1m|[m                                                                              [1m|[m
 80|[1m+------------------------------------------------------------------------------+[m
 36|claude | mode ask | ctx 18% | $0.042
