 60|[38;2;95;95;255;1m+- > evil line [b ] ---------------------------------------+[m
 60|[38;2;95;95;255;1m|[mbody text                                                 [38;2;95;95;255;1m|[m
 60|[38;2;95;95;255;1m|[m                                                          [38;2;95;95;255;1m|[m
 60|[38;2;95;95;255;1m+----------------------------------------------------------+[m
 60|[38;2;95;95;255;1m> evil line [b ]                                            [m
  9|body text
  0|
