 60|[1m╭─ ▸ evil line [b ] ───────────────────────────────────────╮[m
 60|[1m│[mbody text                                                 [1m│[m
 60|[1m│[m                                                          [1m│[m
 60|[1m╰──────────────────────────────────────────────────────────╯[m
 60|[1m▸ evil line [b ]                                            [m
  9|body text
  0|
