160|╭─[1m Session [m────────────────────────────────────────────────────────────────────────────────────────────────────╮╭─[1m Metrics [3] [m────────────────────────────────╮
160|│user: hello                                                                                                   ││tokens 1200                                   │
160|│agent: hi there                                                                                               ││cost $0.01                                    │
160|│                                                                                                              ││                                              │
160|│                                                                                                              ││                                              │
160|│                                                                                                              ││                                              │
160|│                                                                                                              ││                                              │
160|│                                                                                                              ││                                              │
160|│                                                                                                              ││                                              │
160|│                                                                                                              ││                                              │
160|│                                                                                                              ││                                              │
160|│                                                                                                              ││                                              │
160|│                                                                                                              ││                                              │
160|│                                                                                                              ││                                              │
160|│                                                                                                              ││                                              │
160|│                                                                                                              ││                                              │
160|╰──────────────────────────────────────────────────────────────────────────────────────────────────────────────╯╰──────────────────────────────────────────────╯
160|[1m╭─ ▸ Logs ─────────────────────────────────────────────────────────────────────────────────────────────────────────────────────────────────────────────────────╮[m
160|[1m│[mINFO started                                                                                                                                                  [1m│[m
160|[1m│[mWARN slow                                                                                                                                                     [1m│[m
160|[1m│[m                                                                                                                                                              [1m│[m
160|[1m│[m                                                                                                                                                              [1m│[m
160|[1m╰──────────────────────────────────────────────────────────────────────────────────────────────────────────────────────────────────────────────────────────────╯[m
 28|model x | mode ask | ctx 12%
