 80|[38;2;118;118;118m+-[39;1m Session [38;2;118;118;118;22m--------------------------------------------------------------------+[m
 80|[38;2;118;118;118m|[muser: hello                                                                   [38;2;118;118;118m|[m
 80|[38;2;118;118;118m|[magent: hi there                                                               [38;2;118;118;118m|[m
 80|[38;2;118;118;118m|[m                                                                              [38;2;118;118;118m|[m
 80|[38;2;118;118;118m|[m                                                                              [38;2;118;118;118m|[m
 80|[38;2;118;118;118m|[m                                                                              [38;2;118;118;118m|[m
 80|[38;2;118;118;118m|[m                                                                              [38;2;118;118;118m|[m
 80|[38;2;118;118;118m|[m                                                                              [38;2;118;118;118m|[m
 80|[38;2;118;118;118m|[m                                                                              [38;2;118;118;118m|[m
 80|[38;2;118;118;118m|[m                                                                              [38;2;118;118;118m|[m
 80|[38;2;118;118;118m+------------------------------------------------------------------------------+[m
 80|[38;2;118;118;118m+-[39;1m Metrics [3] [38;2;118;118;118;22m----------------------------------------------------------------+[m
 80|[38;2;118;118;118m|[mtokens 1200                                                                   [38;2;118;118;118m|[m
 80|[38;2;118;118;118m|[mcost $0.01                                                                    [38;2;118;118;118m|[m
 80|[38;2;118;118;118m|[m                                                                              [38;2;118;118;118m|[m
 80|[38;2;118;118;118m|[m                                                                              [38;2;118;118;118m|[m
 80|[38;2;118;118;118m+------------------------------------------------------------------------------+[m
 80|[38;2;95;95;255;1m+- > Logs ---------------------------------------------------------------------+[m
 80|[38;2;95;95;255;1m|[mINFO started                                                                  [38;2;95;95;255;1m|[m
 80|[38;2;95;95;255;1m|[mWARN slow                                                                     [38;2;95;95;255;1m|[m
 80|[38;2;95;95;255;1m|[m                                                                              [38;2;95;95;255;1m|[m
 80|[38;2;95;95;255;1m|[m                                                                              [38;2;95;95;255;1m|[m
 80|[38;2;95;95;255;1m+------------------------------------------------------------------------------+[m
 28|model x | mode ask | ctx 12%
