 80|[1m+- > Session ------------------------------------------------------------------+[m
 80|[1m|[muser: hello                                                                   [1m|[m
 80|[1m|[magent: hi there                                                               [1m|[m
 80|[1m|[m                                                                              [1m|[m
 80|[1m|[m                                                                              [1m|[m
 80|[1m|[m                                                                              [1m|[m
 80|[1m|[m                                                                              [1m|[m
 80|[1m|[m                                                                              [1m|[m
 80|[1m|[m                                                                              [1m|[m
 80|[1m|[m                                                                              [1m|[m
 80|[1m+------------------------------------------------------------------------------+[m
 80|+-[1m Metrics [3] [m----------------------------------------------------------------+
 80||tokens 1200                                                                   |
 80||cost $0.01                                                                    |
 80||                                                                              |
 80||                                                                              |
 80|+------------------------------------------------------------------------------+
 80|+-[1m Logs [m-----------------------------------------------------------------------+
 80||INFO started                                                                  |
 80||WARN slow                                                                     |
 80||                                                                              |
 80||                                                                              |
 80|+------------------------------------------------------------------------------+
 28|model x | mode ask | ctx 12%
