160|[1m▸ Session                                                                                                       [m│[1m  Metrics [3]                                  [m
124|user: hello                                                                                                     │tokens 1200
123|agent: hi there                                                                                                 │cost $0.01
113|                                                                                                                │
113|                                                                                                                │
113|                                                                                                                │
113|                                                                                                                │
113|                                                                                                                │
113|                                                                                                                │
113|                                                                                                                │
113|                                                                                                                │
113|                                                                                                                │
113|                                                                                                                │
113|                                                                                                                │
113|                                                                                                                │
113|                                                                                                                │
160|────────────────────────────────────────────────────────────────────────────────────────────────────────────────┴───────────────────────────────────────────────
160|[1m  Logs                                                                                                                                                          [m
 12|INFO started
  9|WARN slow
  0|
  0|
  0|
 28|model x | mode ask | ctx 12%
