 80|[1m+- > Logs ---------------------------------------------------------------------+[m
 80|[1m|[mINFO started                                                                  [1m|[m
 80|[1m|[mWARN slow                                                                     [1m|[m
 80|[1m|[m                                                                              [1m|[m
 80|[1m|[m                                                                              [1m|[m
 80|[1m|[m                                                                              [1m|[m
 80|[1m|[m                                                                              [1m|[m
 80|[1m|[m                                                                              [1m|[m
 80|[1m|[m                                                                              [1m|[m
 80|[1m|[m                                                                              [1m|[m
 80|[1m|[m                                                                              [1m|[m
 80|[1m|[m                                                                              [1m|[m
 80|[1m|[m                                                                              [1m|[m
 80|[1m|[m                                                                              [1m|[m
 80|[1m|[m                                                                              [1m|[m
 80|[1m|[m                                                                              [1m|[m
 80|[1m|[m                                                                              [1m|[m
 80|[1m|[m                                                                              [1m|[m
 80|[1m|[m                                                                              [1m|[m
 80|[1m|[m                                                                              [1m|[m
 80|[1m|[m                                                                              [1m|[m
 80|[1m|[m                                                                              [1m|[m
 80|[1m|[m                                                                              [1m|[m
 80|[1m+------------------------------------------------------------------------------+[m
