 80|[38;2;95;95;255;1m> Session                                                                       [m
 11|user: hello
 15|agent: hi there
  0|
  0|
  0|
  0|
  0|
  0|
  0|
 80|[38;2;118;118;118m--------------------------------------------------------------------------------[m
 80|[1m  Metrics [3]                                                                   [m
 11|tokens 1200
 10|cost $0.01
  0|
  0|
 80|[38;2;118;118;118m--------------------------------------------------------------------------------[m
 80|[1m  Logs                                                                          [m
 12|INFO started
  9|WARN slow
  0|
  0|
  0|
 28|model x | mode ask | ctx 12%
