160|[38;2;95;95;255;1m> Session                                                                                                       [38;2;118;118;118;22m|[39;1m  Metrics [3]                                  [m
124|user: hello                                                                                                     [38;2;118;118;118m|[mtokens 1200
123|agent: hi there                                                                                                 [38;2;118;118;118m|[mcost $0.01
113|                                                                                                                [38;2;118;118;118m|[m
113|                                                                                                                [38;2;118;118;118m|[m
113|                                                                                                                [38;2;118;118;118m|[m
113|                                                                                                                [38;2;118;118;118m|[m
113|                                                                                                                [38;2;118;118;118m|[m
113|                                                                                                                [38;2;118;118;118m|[m
113|                                                                                                                [38;2;118;118;118m|[m
113|                                                                                                                [38;2;118;118;118m|[m
113|                                                                                                                [38;2;118;118;118m|[m
113|                                                                                                                [38;2;118;118;118m|[m
113|                                                                                                                [38;2;118;118;118m|[m
113|                                                                                                                [38;2;118;118;118m|[m
113|                                                                                                                [38;2;118;118;118m|[m
160|[38;2;118;118;118m----------------------------------------------------------------------------------------------------------------+-----------------------------------------------[m
160|[1m  Logs                                                                                                                                                          [m
 12|INFO started
  9|WARN slow
  0|
  0|
  0|
 28|model x | mode ask | ctx 12%
