 80|+-[1m Session [m--------------------------------------------------------------------+
 80||user: hello                                                                   |
 80||agent: hi there                                                               |
 80||                                                                              |
 80||                                                                              |
 80||                                                                              |
 80||                                                                              |
 80||                                                                              |
 80||                                                                              |
 80||                     [1m+- > Allow bash? ------------------+[m                     |
 80|+---------------------[1m|[mrm -rf build/                     [1m|[m---------------------+
 80|+-[1m Metrics [3] [m-------[1m|[m[y] yes  [n] no                   [1m|[m---------------------+
 80||tokens 1200          [1m|[m                                  [1m|[m                     |
 80||cost $0.01           [1m|[m                                  [1m|[m                     |
 80||                     [1m+----------------------------------+[m                     |
 80||                                                                              |
 80|+------------------------------------------------------------------------------+
 80|+-[1m Logs [m-----------------------------------------------------------------------+
 80||INFO started                                                                  |
 80||WARN slow                                                                     |
 80||                                                                              |
 80||                                                                              |
 80|+------------------------------------------------------------------------------+
 28|model x | mode ask | ctx 12%
