160|[1m╭─ ▸ Session ──────────────────────────────────────────────────────────────────────────────────────────────────╮[m╭─[1m Metrics [3] [m────────────────────────────────╮
160|[1m│[muser: hello                                                                                                   [1m│[m│tokens 1200                                   │
160|[1m│[magent: hi there                                                                                               [1m│[m│cost $0.01                                    │
160|[1m│[m                                                                                                              [1m│[m│                                              │
160|[1m│[m                                                                                                              [1m│[m│                                              │
160|[1m│[m                                                                                                              [1m│[m│                                              │
160|[1m│[m                                                                                                              [1m│[m│                                              │
160|[1m│[m                                                                                                              [1m│[m│                                              │
160|[1m│[m                                                                                                              [1m│[m│                                              │
160|[1m│[m                                                                                                              [1m│[m│                                              │
160|[1m│[m                                                                                                              [1m│[m│                                              │
160|[1m│[m                                                                                                              [1m│[m│                                              │
160|[1m│[m                                                                                                              [1m│[m│                                              │
160|[1m│[m                                                                                                              [1m│[m│                                              │
160|[1m│[m                                                                                                              [1m│[m│                                              │
160|[1m│[m                                                                                                              [1m│[m│                                              │
160|[1m╰──────────────────────────────────────────────────────────────────────────────────────────────────────────────╯[m╰──────────────────────────────────────────────╯
160|╭─[1m Logs [m───────────────────────────────────────────────────────────────────────────────────────────────────────────────────────────────────────────────────────╮
160|│INFO started                                                                                                                                                  │
160|│WARN slow                                                                                                                                                     │
160|│                                                                                                                                                              │
160|│                                                                                                                                                              │
160|╰──────────────────────────────────────────────────────────────────────────────────────────────────────────────────────────────────────────────────────────────╯
 28|model x | mode ask | ctx 12%
