160|[1m+- > Logs -----------------------------------------------------------------------------------------------------------------------------------------------------+[m
160|[1m|[mINFO started                                                                                                                                                  [1m|[m
160|[1m|[mWARN slow                                                                                                                                                     [1m|[m
160|[1m|[m                                                                                                                                                              [1m|[m
160|[1m|[m                                                                                                                                                              [1m|[m
160|[1m|[m                                                                                                                                                              [1m|[m
160|[1m|[m                                                                                                                                                              [1m|[m
160|[1m|[m                                                                                                                                                              [1m|[m
160|[1m|[m                                                                                                                                                              [1m|[m
160|[1m|[m                                                                                                                                                              [1m|[m
160|[1m|[m                                                                                                                                                              [1m|[m
160|[1m|[m                                                                                                                                                              [1m|[m
160|[1m|[m                                                                                                                                                              [1m|[m
160|[1m|[m                                                                                                                                                              [1m|[m
160|[1m|[m                                                                                                                                                              [1m|[m
160|[1m|[m                                                                                                                                                              [1m|[m
160|[1m|[m                                                                                                                                                              [1m|[m
160|[1m|[m                                                                                                                                                              [1m|[m
160|[1m|[m                                                                                                                                                              [1m|[m
160|[1m|[m                                                                                                                                                              [1m|[m
160|[1m|[m                                                                                                                                                              [1m|[m
160|[1m|[m                                                                                                                                                              [1m|[m
160|[1m|[m                                                                                                                                                              [1m|[m
160|[1m+--------------------------------------------------------------------------------------------------------------------------------------------------------------+[m
