160|[38;2;95;95;255;1m+- > Logs -----------------------------------------------------------------------------------------------------------------------------------------------------+[m
160|[38;2;95;95;255;1m|[mINFO started                                                                                                                                                  [38;2;95;95;255;1m|[m
160|[38;2;95;95;255;1m|[mWARN slow                                                                                                                                                     [38;2;95;95;255;1m|[m
160|[38;2;95;95;255;1m|[m                                                                                                                                                              [38;2;95;95;255;1m|[m
160|[38;2;95;95;255;1m|[m                                                                                                                                                              [38;2;95;95;255;1m|[m
160|[38;2;95;95;255;1m|[m                                                                                                                                                              [38;2;95;95;255;1m|[m
160|[38;2;95;95;255;1m|[m                                                                                                                                                              [38;2;95;95;255;1m|[m
160|[38;2;95;95;255;1m|[m                                                                                                                                                              [38;2;95;95;255;1m|[m
160|[38;2;95;95;255;1m|[m                                                                                                                                                              [38;2;95;95;255;1m|[m
160|[38;2;95;95;255;1m|[m                                                                                                                                                              [38;2;95;95;255;1m|[m
160|[38;2;95;95;255;1m|[m                                                                                                                                                              [38;2;95;95;255;1m|[m
160|[38;2;95;95;255;1m|[m                                                                                                                                                              [38;2;95;95;255;1m|[m
160|[38;2;95;95;255;1m|[m                                                                                                                                                              [38;2;95;95;255;1m|[m
160|[38;2;95;95;255;1m|[m                                                                                                                                                              [38;2;95;95;255;1m|[m
160|[38;2;95;95;255;1m|[m                                                                                                                                                              [38;2;95;95;255;1m|[m
160|[38;2;95;95;255;1m|[m                                                                                                                                                              [38;2;95;95;255;1m|[m
160|[38;2;95;95;255;1m|[m                                                                                                                                                              [38;2;95;95;255;1m|[m
160|[38;2;95;95;255;1m|[m                                                                                                                                                              [38;2;95;95;255;1m|[m
160|[38;2;95;95;255;1m|[m                                                                                                                                                              [38;2;95;95;255;1m|[m
160|[38;2;95;95;255;1m|[m                                                                                                                                                              [38;2;95;95;255;1m|[m
160|[38;2;95;95;255;1m|[m                                                                                                                                                              [38;2;95;95;255;1m|[m
160|[38;2;95;95;255;1m|[m                                                                                                                                                              [38;2;95;95;255;1m|[m
160|[38;2;95;95;255;1m|[m                                                                                                                                                              [38;2;95;95;255;1m|[m
160|[38;2;95;95;255;1m+--------------------------------------------------------------------------------------------------------------------------------------------------------------+[m
