 80|[1m╭─ ▸ Family 👨‍👩‍👧 ────────────────────────────────────────────────────────────────╮[m
 80|[1m│[muser: 👨‍👩‍👧 hello                                                                [1m│[m
 80|[1m│[magent: ❤️ hi there                                                            [1m│[m
 80|[1m│[m                                                                              [1m│[m
 80|[1m│[m                                                                              [1m│[m
 80|[1m│[m                                                                              [1m│[m
 80|[1m│[m                                                                              [1m│[m
 80|[1m│[m                                                                              [1m│[m
 80|[1m│[m                                                                              [1m│[m
 80|[1m│[m                                                                              [1m│[m
 80|[1m╰──────────────────────────────────────────────────────────────────────────────╯[m
 80|╭─[1m ❤️ hearts, and a title longer than the sidebar [m─────────────────────────────╮
 80|│❤️❤️❤️ three                                                                  │
 80|│👨‍👩‍👧👨‍👩‍👧 two                                                                      │
 80|│                                                                              │
 80|│                                                                              │
 80|╰──────────────────────────────────────────────────────────────────────────────╯
 80|╭─[1m Logs [m───────────────────────────────────────────────────────────────────────╮
 80|│INFO ❤️ started                                                               │
 80|│                                                                              │
 80|│                                                                              │
 80|│                                                                              │
 80|│                                                                              │
 80|╰──────────────────────────────────────────────────────────────────────────────╯
