120|[1m╭─ ▸ Family 👨‍👩‍👧 ────────────────────────────────────────────────────────────────────╮[m╭─[1m ❤️ hearts, and a title longer t…[m╮
120|[1m│[muser: 👨‍👩‍👧 hello                                                                    [1m│[m│❤️❤️❤️ three                      │
120|[1m│[magent: ❤️ hi there                                                                [1m│[m│👨‍👩‍👧👨‍👩‍👧 two                          │
120|[1m│[m                                                                                  [1m│[m│                                  │
120|[1m│[m                                                                                  [1m│[m│                                  │
120|[1m│[m                                                                                  [1m│[m│                                  │
120|[1m│[m                                                                                  [1m│[m│                                  │
120|[1m│[m                                                                                  [1m│[m│                                  │
120|[1m│[m                                                                                  [1m│[m│                                  │
120|[1m│[m                                                                                  [1m│[m│                                  │
120|[1m│[m                                                                                  [1m│[m│                                  │
120|[1m│[m                                                                                  [1m│[m│                                  │
120|[1m│[m                                                                                  [1m│[m│                                  │
120|[1m│[m                                                                                  [1m│[m│                                  │
120|[1m│[m                                                                                  [1m│[m│                                  │
120|[1m│[m                                                                                  [1m│[m│                                  │
120|[1m╰──────────────────────────────────────────────────────────────────────────────────╯[m╰──────────────────────────────────╯
120|╭─[1m Logs [m───────────────────────────────────────────────────────────────────────────────────────────────────────────────╮
120|│INFO ❤️ started                                                                                                       │
120|│                                                                                                                      │
120|│                                                                                                                      │
120|│                                                                                                                      │
120|│                                                                                                                      │
120|╰──────────────────────────────────────────────────────────────────────────────────────────────────────────────────────╯
