120|[38;2;95;95;255;1m╭─ ▸ Family 👨‍👩‍👧 ────────────────────────────────────────────────────────────────────╮[38;2;118;118;118;22m╭─[39;1m ❤️ hearts, and a title longer t…[38;2;118;118;118;22m╮[m
120|[38;2;95;95;255;1m│[muser: 👨‍👩‍👧 hello                                                                    [38;2;95;95;255;1m│[38;2;118;118;118;22m│[m❤️❤️❤️ three                      [38;2;118;118;118m│[m
120|[38;2;95;95;255;1m│[magent: ❤️ hi there                                                                [38;2;95;95;255;1m│[38;2;118;118;118;22m│[m👨‍👩‍👧👨‍👩‍👧 two                          [38;2;118;118;118m│[m
120|[38;2;95;95;255;1m│[m                                                                                  [38;2;95;95;255;1m│[38;2;118;118;118;22m│[m                                  [38;2;118;118;118m│[m
120|[38;2;95;95;255;1m│[m                                                                                  [38;2;95;95;255;1m│[38;2;118;118;118;22m│[m                                  [38;2;118;118;118m│[m
120|[38;2;95;95;255;1m│[m                                                                                  [38;2;95;95;255;1m│[38;2;118;118;118;22m│[m                                  [38;2;118;118;118m│[m
120|[38;2;95;95;255;1m│[m                                                                                  [38;2;95;95;255;1m│[38;2;118;118;118;22m│[m                                  [38;2;118;118;118m│[m
120|[38;2;95;95;255;1m│[m                                                                                  [38;2;95;95;255;1m│[38;2;118;118;118;22m│[m                                  [38;2;118;118;118m│[m
120|[38;2;95;95;255;1m│[m                                                                                  [38;2;95;95;255;1m│[38;2;118;118;118;22m│[m                                  [38;2;118;118;118m│[m
120|[38;2;95;95;255;1m│[m                                                                                  [38;2;95;95;255;1m│[38;2;118;118;118;22m│[m                                  [38;2;118;118;118m│[m
120|[38;2;95;95;255;1m│[m                                                                                  [38;2;95;95;255;1m│[38;2;118;118;118;22m│[m                                  [38;2;118;118;118m│[m
120|[38;2;95;95;255;1m│[m                                                                                  [38;2;95;95;255;1m│[38;2;118;118;118;22m│[m                                  [38;2;118;118;118m│[m
120|[38;2;95;95;255;1m│[m                                                                                  [38;2;95;95;255;1m│[38;2;118;118;118;22m│[m                                  [38;2;118;118;118m│[m
120|[38;2;95;95;255;1m│[m                                                                                  [38;2;95;95;255;1m│[38;2;118;118;118;22m│[m                                  [38;2;118;118;118m│[m
120|[38;2;95;95;255;1m│[m                                                                                  [38;2;95;95;255;1m│[38;2;118;118;118;22m│[m                                  [38;2;118;118;118m│[m
120|[38;2;95;95;255;1m│[m                                                                                  [38;2;95;95;255;1m│[38;2;118;118;118;22m│[m                                  [38;2;118;118;118m│[m
120|[38;2;95;95;255;1m╰──────────────────────────────────────────────────────────────────────────────────╯[38;2;118;118;118;22m╰──────────────────────────────────╯[m
120|[38;2;118;118;118m╭─[39;1m Logs [38;2;118;118;118;22m───────────────────────────────────────────────────────────────────────────────────────────────────────────────╮[m
120|[38;2;118;118;118m│[mINFO ❤️ started                                                                                                       [38;2;118;118;118m│[m
120|[38;2;118;118;118m│[m                                                                                                                      [38;2;118;118;118m│[m
120|[38;2;118;118;118m│[m                                                                                                                      [38;2;118;118;118m│[m
120|[38;2;118;118;118m│[m                                                                                                                      [38;2;118;118;118m│[m
120|[38;2;118;118;118m│[m                                                                                                                      [38;2;118;118;118m│[m
120|[38;2;118;118;118m╰──────────────────────────────────────────────────────────────────────────────────────────────────────────────────────╯[m
