 26|complete               yes
 25|timed_out              no
 39|terminal               tmux 3.4 (query)
 35|mux                    tmux (query)
 31|remote                 no (env)
 26|attributes             1;2
 42|kitty_keyboard         unsupported (query)
 24|keyboard_flags         0
 42|sync_output            unsupported (query)
 42|grapheme_width         unsupported (query)
 42|color_scheme_reports   unsupported (query)
 42|in_band_resize         unsupported (query)
 40|focus_events           supported (query)
 42|desktop_notify         unsupported (query)
 42|kitty_graphics         unsupported (query)
 42|sixel                  unsupported (query)
 34|dark                   yes (query)
 30|background             #1e1e2e
 32|profile                TrueColor
 36|brand                  unknown (env)
 36|env_brand              unknown (env)
 33|editor                 none (env)
 35|platform               native (env)
 31|legacy_console         no (env)
 24|tmux                   -
 24|foreground             -
 24|palette                -
 25|palette_known          no
 29|secondary_attributes   84;0;0
  0|
  8|findings
 78|recommendation         keyboard.kitty-unsupported: The terminal did not answer
 80|                       the Kitty keyboard query, so keys such as shift+enter may
 76|                       not be told apart. Fix: Use a terminal with the Kitty
 79|                       keyboard protocol, such as kitty, Ghostty, WezTerm, foot
 33|                       or iTerm2.
 71|recommendation         terminal.unknown: Nothing names the terminal, so
 71|                       capabilities that depend on it are off. Fix: Set
 68|                       TERM_PROGRAM, or let LC_TERMINAL through SSH.
