 26|complete               yes
 25|timed_out              no
 43|terminal               xterm-256color (env)
 33|mux                    none (env)
 32|remote                 yes (env)
 26|attributes             1;2
 42|kitty_keyboard         unsupported (query)
 24|keyboard_flags         0
113|sync_output            unknown (not-queried: tea asks only outside SSH and Apple Terminal, and not every terminal
 31|                       answers)
113|grapheme_width         unknown (not-queried: tea asks only outside SSH and Apple Terminal, and not every terminal
 31|                       answers)
 42|color_scheme_reports   unsupported (query)
 42|in_band_resize         unsupported (query)
 40|focus_events           supported (query)
 77|desktop_notify         unknown (not-queried: asked only behind the heuristic)
 77|kitty_graphics         unknown (not-queried: asked only behind the heuristic)
 42|sixel                  unsupported (query)
 33|dark                   no (query)
 30|background             #ffffff
 30|profile                ANSI256
 45|brand                  apple-terminal (query)
 36|env_brand              unknown (env)
 33|editor                 none (env)
 35|platform               native (env)
 31|legacy_console         no (env)
 24|tmux                   -
 24|foreground             -
 24|palette                -
 25|palette_known          no
 29|secondary_attributes   1;95;0
  0|
  8|findings
120|recommendation         keyboard.kitty-unsupported: The terminal did not answer the Kitty keyboard query, so keys such as
119|                       shift+enter may not be told apart. Fix: Use a terminal with the Kitty keyboard protocol, such as
 63|                       kitty, Ghostty, WezTerm, foot or iTerm2.
120|recommendation         terminal.apple-no-osc8: Apple Terminal mishandles OSC 8 links, so links are shown with their URL.
 69|                       Fix: Use a terminal that supports OSC 8 links.
