 25|complete               no
 26|timed_out              yes
 43|terminal               xterm-256color (env)
 33|mux                    none (env)
 31|remote                 no (env)
 24|attributes             -
 73|kitty_keyboard         unknown (not-queried: no reply before the timeout)
 24|keyboard_flags         0
 80|sync_output            unknown (not-queried: tea asks only outside SSH and Apple
 76|                       Terminal, and not every terminal answers; or no reply
 42|                       before the timeout)
 80|grapheme_width         unknown (not-queried: tea asks only outside SSH and Apple
 76|                       Terminal, and not every terminal answers; or no reply
 42|                       before the timeout)
 73|color_scheme_reports   unknown (not-queried: no reply before the timeout)
 73|in_band_resize         unknown (not-queried: no reply before the timeout)
 73|focus_events           unknown (not-queried: no reply before the timeout)
 80|desktop_notify         unknown (not-queried: asked only behind the heuristic; or
 51|                       no reply before the timeout)
 80|kitty_graphics         unknown (not-queried: asked only behind the heuristic; or
 51|                       no reply before the timeout)
 73|sixel                  unknown (not-queried: no reply before the timeout)
 73|dark                   unknown (not-queried: no reply before the timeout)
 24|background             -
 27|profile                ANSI
 36|brand                  unknown (env)
 36|env_brand              unknown (env)
 33|editor                 none (env)
 35|platform               native (env)
 31|legacy_console         no (env)
 24|tmux                   -
 24|foreground             -
 24|palette                -
 25|palette_known          no
 24|secondary_attributes   -
  0|
  8|findings
 78|issue                  keyboard.kitty-unknown: The Kitty keyboard query had no
 75|                       answer before the probe ended. Fix: Run again; if it
 66|                       persists, give the prober a longer timeout.
 71|recommendation         terminal.unknown: Nothing names the terminal, so
 71|                       capabilities that depend on it are off. Fix: Set
 68|                       TERM_PROGRAM, or let LC_TERMINAL through SSH.
